=== 2026-06-12T13:00:01Z Daily monitor run ===
2026-06-12 06:00:02 [INFO] === Daily monitor starting ===
2026-06-12 06:00:02 [INFO] [1/3] Scraping smartvisaguide.com…
2026-06-12 06:00:05 [INFO]   Daily report date: None
2026-06-12 06:00:05 [INFO]   Next round: None
2026-06-12 06:00:05 [INFO]   Recent grants captured: 6
2026-06-12 06:00:05 [INFO] [2/3] Verifying with DHA invitation rounds…
2026-06-12 06:00:08 [INFO]   DHA current round: 2025-11-13 (189 total=10000, tie=2025-11)
2026-06-12 06:00:08 [INFO] [3/3] Fetching DHA visa details…
2026-06-12 06:00:10 [INFO]   SC 189: cost=AUD $4,885 cutoff=None
2026-06-12 06:00:12 [INFO]   SC 190: cost=AUD $4,885 cutoff=February 2025
2026-06-12 06:00:14 [INFO]   SC 491: cost=AUD $4,910 cutoff=January 2025
2026-06-12 06:00:16 [INFO]   SC 482: cost=AUD $3,210 cutoff=None
2026-06-12 06:00:16 [INFO] Wrote invitation-rounds.json (15.9 KB)
2026-06-12 06:00:16 [INFO] Wrote visa-types.json (25.6 KB)
2026-06-12 06:00:16 [INFO] Wrote daily-updates.json (1.7 KB)
2026-06-12 06:00:16 [INFO] Wrote .monitor-status.json (0.1 KB)
2026-06-12 06:00:16 [INFO] === Done. Errors: 0 ===
--- Refreshing official occupation lists ---
  ! https://liveinmelbourne.vic.gov.au/migrate/skilled-migration-visas/visa-nomination → HTTP 403
  ! https://migration.wa.gov.au/services/skilled-migration-western-australia/wa-skilled-migration-occupation-list → HTTP 404
  ! https://theterritory.com.au/migrate/migrate-to-work/northern-territory-migration-occupation-list → HTTP 404
[official_lists_scraper] 2026-06-12T06:00:17.388996
  Loaded 878 ANZSCO codes from master
[1/9] Federal CSOL …
  ✓ 193 unit groups → 521 ANZSCO codes
[2/9] NSW …
  → 190: 231  491: 231  [scraped]
[3/9] VIC …
  → 190: 521  491: 521  [fallback (federal_CSOL_after_fetch_fail)]
[4/9] QLD …
  → 190: 165  491: 165  [scraped]
[5/9] WA …
  → 190: 521  491: 521  [fallback (federal_CSOL_after_fetch_fail)]
[6/9] SA …
  → 190: 336  491: 336  [scraped]
[7/9] TAS …
  → 190: 521  491: 521  [fallback (federal_CSOL_insufficient_data)]
[8/9] ACT …
  → 190: 275  491: 275  [scraped]
[9/9] NT …
  → 190: 521  491: 521  [fallback (federal_CSOL_after_fetch_fail)]

✓ Wrote /home/moataz/work/migration-app/repo/public/official-occupation-lists.json (123.3 KB)
--- Extracting app seed (hardcoded legacy ANZSCO codes) ---
Extracted 422 occupations → /home/moataz/work/migration-app/repo/public/app-seed-occupations.json
--- Regenerating state-occupation-requirements ---
Loading data...
  Merged app-seed: +117 occupations (total 995)
  Loaded official lists: federal CSOL = 521 codes (193 unit groups)

Generating for 995 occupations × 8 states × 3 visas …

Generated 23880 combinations:
  Sponsored:       11478  (48%)
  Not sponsored:   12402  (51%)
  Occupations w/o salary data: 117/995 (11%)

Wrote state-occupation-requirements.json (14.3 MB)

Sample (261312 Developer Programmer):
  NSW:
    SC 190: sponsored  salary=$92,346  exp=1y
    SC 491: sponsored  salary=$78,494  exp=1y
    SC 482: sponsored  salary=$73,876  exp=0y
  TAS:
    SC 190: sponsored  salary=$81,264  exp=1y
    SC 491: sponsored  salary=$69,074  exp=1y
    SC 482: sponsored  salary=$73,150  exp=0y
  NT:
    SC 190: sponsored  salary=$99,733  exp=1y
    SC 491: sponsored  salary=$84,773  exp=1y
    SC 482: sponsored  salary=$79,786  exp=0y
  VIC:
    SC 190: sponsored  salary=$90,499  exp=1y
    SC 491: sponsored  salary=$76,924  exp=1y
    SC 482: sponsored  salary=$73,150  exp=0y
--- Deploying to Firebase ---

=== Deploying to 'swift-shore-238707'...

i  deploying hosting
i  hosting[swift-shore-238707]: beginning deploy...
i  hosting[swift-shore-238707]: found 11 files in public
i  hosting: adding files to version [0/11] (0%)
i  hosting: uploading new files [0/6] (0%)
i  hosting: uploading new files [0/6] (0%)
i  hosting: upload complete
✔  hosting[swift-shore-238707]: file upload complete
i  hosting[swift-shore-238707]: finalizing version...
✔  hosting[swift-shore-238707]: version finalized
i  hosting[swift-shore-238707]: releasing new version...
✔  hosting[swift-shore-238707]: release complete

✔  Deploy complete!

Project Console: https://console.firebase.google.com/project/swift-shore-238707/overview
Hosting URL: https://swift-shore-238707.web.app
=== Done ===
